<?php return array (
  0 => 'Symfony\\Bundle\\FrameworkBundle\\Controller\\AbstractController',
  1 => 'App\\Controller\\Admin\\AdminController',
  2 => 'App\\Controller\\Admin\\BrandCrudController',
  3 => 'App\\Controller\\Admin\\ModelCrudController',
  4 => 'App\\Controller\\Admin\\PriceBrandCrudController',
  5 => 'App\\Controller\\Admin\\PriceCategoryCrudController',
  6 => 'App\\Controller\\Admin\\PriceClassCrudController',
  7 => 'App\\Controller\\Admin\\PriceModelCrudController',
  8 => 'App\\Controller\\Admin\\PriceServiceCrudController',
  9 => 'App\\Controller\\Admin\\ServiceCrudController',
  10 => 'App\\Controller\\Admin\\SpecialOfferCrudController',
  11 => 'App\\Controller\\ContactController',
  12 => 'App\\Controller\\HomeController',
  13 => 'App\\Controller\\MailerController',
  14 => 'App\\Controller\\OfferController',
  15 => 'App\\Controller\\PageController',
  16 => 'App\\Controller\\SecurityController',
  17 => 'App\\Controller\\SitemapController',
  18 => 'App\\Entity\\Admin',
  19 => 'App\\Entity\\BeforeAfter',
  20 => 'App\\Entity\\Brand',
  21 => 'App\\Entity\\City',
  22 => 'App\\Entity\\Config',
  23 => 'App\\Entity\\Content',
  24 => 'App\\Entity\\Contracts\\PageInterface',
  25 => 'App\\Entity\\Counter',
  26 => 'App\\Entity\\DayOfWeek',
  27 => 'App\\Entity\\District',
  28 => 'App\\Entity\\Faq',
  29 => 'App\\Entity\\Model',
  30 => 'App\\Entity\\ModelsCyrillic',
  31 => 'App\\Entity\\Naschiraboty',
  32 => 'App\\Entity\\News',
  33 => 'App\\Entity\\OurWorks',
  34 => 'App\\Entity\\PriceBrand',
  35 => 'App\\Entity\\PriceCategory',
  36 => 'App\\Entity\\PriceClass',
  37 => 'App\\Entity\\PriceModel',
  38 => 'App\\Entity\\PriceService',
  39 => 'App\\Entity\\Reviews',
  40 => 'App\\Entity\\RootService',
  41 => 'App\\Entity\\Salon',
  42 => 'App\\Entity\\Service',
  43 => 'App\\Entity\\ServiceEntityReedInterface',
  44 => 'App\\Entity\\ServiceWithout',
  45 => 'App\\Entity\\Simple',
  46 => 'App\\Entity\\Sitemap',
  47 => 'App\\Entity\\SpecialOffer',
  48 => 'App\\Entity\\SubwayLine',
  49 => 'App\\Entity\\SubwayStation',
  50 => 'App\\Entity\\Traits\\ModifyDateTrait',
  51 => 'App\\Entity\\Traits\\PriceServicesListTrait',
  52 => 'App\\Entity\\Traits\\RatingTrait',
  53 => 'App\\Entity\\Traits\\SeoTrait',
  54 => 'App\\Entity\\Traits\\VichImagePropertyNamerTrait',
  55 => 'App\\Entity\\Traits\\VichImageTrait',
  56 => 'App\\Entity\\User',
  57 => 'App\\Entity\\Vacancy',
  58 => 'App\\Entity\\Video',
  59 => 'App\\Entity\\VideoCategory',
  60 => 'App\\Entity\\WorkingDay',
  61 => 'Doctrine\\Bundle\\DoctrineBundle\\Controller\\ProfilerController',
  62 => 'Doctrine\\ORM\\Cache\\Persister\\Entity\\AbstractEntityPersister',
  63 => 'Doctrine\\ORM\\Cache\\Persister\\Entity\\CachedEntityPersister',
  64 => 'Doctrine\\ORM\\Cache\\Persister\\Entity\\NonStrictReadWriteCachedEntityPersister',
  65 => 'Doctrine\\ORM\\Cache\\Persister\\Entity\\ReadOnlyCachedEntityPersister',
  66 => 'Doctrine\\ORM\\Cache\\Persister\\Entity\\ReadWriteCachedEntityPersister',
  67 => 'Doctrine\\ORM\\Persisters\\Entity\\AbstractEntityInheritancePersister',
  68 => 'Doctrine\\ORM\\Persisters\\Entity\\BasicEntityPersister',
  69 => 'Doctrine\\ORM\\Persisters\\Entity\\CachedPersisterContext',
  70 => 'Doctrine\\ORM\\Persisters\\Entity\\EntityPersister',
  71 => 'Doctrine\\ORM\\Persisters\\Entity\\JoinedSubclassPersister',
  72 => 'Doctrine\\ORM\\Persisters\\Entity\\SingleTablePersister',
  73 => 'EasyCorp\\Bundle\\EasyAdminBundle\\Contracts\\Controller\\CrudControllerInterface',
  74 => 'EasyCorp\\Bundle\\EasyAdminBundle\\Contracts\\Controller\\DashboardControllerInterface',
  75 => 'EasyCorp\\Bundle\\EasyAdminBundle\\Controller\\AbstractCrudController',
  76 => 'EasyCorp\\Bundle\\EasyAdminBundle\\Controller\\AbstractDashboardController',
  77 => 'EasyCorp\\Bundle\\EasyAdminBundle\\Controller\\EasyAdminController',
  79 => 'Symfony\\Bundle\\FrameworkBundle\\Controller\\ControllerResolver',
  80 => 'Symfony\\Bundle\\FrameworkBundle\\Controller\\RedirectController',
  81 => 'Symfony\\Bundle\\FrameworkBundle\\Controller\\TemplateController',
  82 => 'Symfony\\Bundle\\WebProfilerBundle\\Controller\\ExceptionPanelController',
  83 => 'Symfony\\Bundle\\WebProfilerBundle\\Controller\\ProfilerController',
  84 => 'Symfony\\Bundle\\WebProfilerBundle\\Controller\\RouterController',
  85 => 'Symfony\\Component\\HttpKernel\\Controller\\ArgumentResolver',
  86 => 'Symfony\\Component\\HttpKernel\\Controller\\ArgumentResolverInterface',
  87 => 'Symfony\\Component\\HttpKernel\\Controller\\ArgumentResolver\\DefaultValueResolver',
  88 => 'Symfony\\Component\\HttpKernel\\Controller\\ArgumentResolver\\NotTaggedControllerValueResolver',
  89 => 'Symfony\\Component\\HttpKernel\\Controller\\ArgumentResolver\\RequestAttributeValueResolver',
  90 => 'Symfony\\Component\\HttpKernel\\Controller\\ArgumentResolver\\RequestValueResolver',
  91 => 'Symfony\\Component\\HttpKernel\\Controller\\ArgumentResolver\\ServiceValueResolver',
  92 => 'Symfony\\Component\\HttpKernel\\Controller\\ArgumentResolver\\SessionValueResolver',
  93 => 'Symfony\\Component\\HttpKernel\\Controller\\ArgumentResolver\\TraceableValueResolver',
  94 => 'Symfony\\Component\\HttpKernel\\Controller\\ArgumentResolver\\VariadicValueResolver',
  95 => 'Symfony\\Component\\HttpKernel\\Controller\\ArgumentValueResolverInterface',
  96 => 'Symfony\\Component\\HttpKernel\\Controller\\ContainerControllerResolver',
  97 => 'Symfony\\Component\\HttpKernel\\Controller\\ControllerReference',
  98 => 'Symfony\\Component\\HttpKernel\\Controller\\ControllerResolver',
  99 => 'Symfony\\Component\\HttpKernel\\Controller\\ControllerResolverInterface',
  100 => 'Symfony\\Component\\HttpKernel\\Controller\\ErrorController',
  101 => 'Symfony\\Component\\HttpKernel\\Controller\\TraceableArgumentResolver',
  102 => 'Symfony\\Component\\HttpKernel\\Controller\\TraceableControllerResolver',
  103 => 'Symfony\\Component\\Security\\Http\\Controller\\UserValueResolver',
  104 => 'Vich\\UploaderBundle\\Entity\\File',
);